apiVersion: exoscale.appcat.vshn.io/v1
kind: ExoscaleOpenSearch
metadata:
  creationTimestamp: null
  name: opensearch-jsonInput
spec:
  parameters:
    backup:
      timeOfDay: "12:00:00"
    maintenance:
      dayOfWeek: Monday
      timeOfDay: "00:00:00"
    network: {}
    service:
      opensearchSettings: null
      zone: ch-fr-99
    size:
      plan: '{"Foo":"Bar"}'
  writeConnectionSecretToRef: {}
status: {}
