apiVersion: exoscale.appcat.vshn.io/v1
kind: ExoscaleOpenSearch
metadata:
  creationTimestamp: null
  name: ExoscaleOpenSearch
spec:
  parameters:
    backup:
      timeOfDay: "24:00:00"
    maintenance:
      dayOfWeek: Sunday
      timeOfDay: "24:00:00"
    network: {}
    service:
      majorVersion: "9999"
      opensearchSettings: null
      zone: ch-dk-2
    size:
      plan: enterprise-large
  writeConnectionSecretToRef: {}
status: {}
