apiVersion: exoscale.appcat.vshn.io/v1
kind: ExoscaleOpenSearch
metadata:
  creationTimestamp: null
  generateName: my-openSearch-example
  namespace: my-namespace
spec:
  parameters:
    backup:
      timeOfDay: "12:00:00"
    maintenance:
      timeOfDay: "24:00:00"
    network: {}
    service:
      opensearchSettings: null
    size: {}
  writeConnectionSecretToRef: {}
status: {}
