apiVersion: vshn.appcat.vshn.io/v1
kind: VSHNRedis
metadata:
  creationTimestamp: null
  name: redis-default
spec:
  parameters:
    scheduling: {}
    service:
      redisSettings: '|activedefrag yes'
      version: "7.0"
    size:
      cpuLimits: 1000m
      cpuRequests: 500m
      disk: 80Gi
      memoryLimits: 1Gi
      memoryRequests: 500Mi
    tls:
      authClients: true
      enabled: true
  writeConnectionSecretToRef: {}
status: {}
