apiVersion: vshn.appcat.vshn.io/v1
kind: VSHNRedis
metadata:
  creationTimestamp: null
  name: redis-jsonInput
spec:
  parameters:
    backup:
      retention: {}
    maintenance: {}
    monitoring: {}
    restore: {}
    scheduling: {}
    security: {}
    service:
      redisSettings: '| activedefrag no'
      version: '{"Foo":"Bar"}'
    size:
      cpuLimits: 99999m
      memoryLimits: 9999Gi
    tls:
      authClients: true
      enabled: true
  writeConnectionSecretToRef:
    name: redis-jsonInput-creds
status:
  schedules:
    maintenance: {}
