apiVersion: vshn.appcat.vshn.io/v1
kind: VSHNRedis
metadata:
  creationTimestamp: null
  name: redis-secret-ref
spec:
  parameters:
    backup:
      retention: {}
    maintenance: {}
    monitoring: {}
    restore: {}
    scheduling: {}
    security: {}
    service:
      redisSettings: '|activedefrag yes'
      version: "7.0"
    size:
      cpuLimits: 1000m
      cpuRequests: 500m
      disk: 80Gi
      memoryLimits: 1Gi
      memoryRequests: 500Mi
    tls:
      authClients: true
      enabled: true
  writeConnectionSecretToRef:
    name: new-cred
status:
  schedules:
    maintenance: {}
