apiVersion: vshn.appcat.vshn.io/v1
kind: VSHNRedis
metadata:
  creationTimestamp: null
  name: redis-unset
spec:
  parameters:
    scheduling: {}
    service:
      version: "7.0"
    size:
      cpuLimits: 1000m
      cpuRequests: 500m
      memoryLimits: 1Gi
      memoryRequests: 500Mi
    tls: {}
  writeConnectionSecretToRef: {}
status: {}
