apiVersion: vshn.appcat.vshn.io/v1
kind: VSHNPostgreSQL
metadata:
  creationTimestamp: null
  generateName: pgsql-app1-prod
  namespace: prod-app
spec:
  parameters:
    backup:
      retention: 12
      schedule: 30 23 * * *
    maintenance: {}
    network: {}
    restore: {}
    scheduling:
      nodeSelector:
        appuio.io/node-class: testing
    service:
      majorVersion: "15"
      pgSettings: null
    size:
      cpu: 99999m
      disk: 9999Gi
      memory: 9999Gi
      requests:
        memory: 9999Gi
  writeConnectionSecretToRef: {}
status: {}
