apiVersion: vshn.appcat.vshn.io/v1
kind: VSHNPostgreSQL
metadata:
  creationTimestamp: null
  name: postgres-parameters
spec:
  parameters:
    backup:
      retention: 9999
      schedule: 1 1 1 1 1
    encryption: {}
    maintenance: {}
    monitoring: {}
    network: {}
    replication: {}
    restore: {}
    scheduling:
      nodeSelector:
        appuio.io/node-class: plus
    service:
      majorVersion: "14"
      pgSettings: null
    size:
      cpu: 100000m
      disk: 80Gi
      memory: 3500Mi
      requests:
        cpu: 300m
        memory: 1000Mi
    updateStrategy: {}
  resourceRef: {}
  writeConnectionSecretToRef:
    name: postgres-parameters-creds
status: {}
