apiVersion: vshn.appcat.vshn.io/v1
kind: VSHNPostgreSQL
metadata:
  creationTimestamp: null
  name: postgres-unset
spec:
  parameters:
    backup:
      retention: 12
      schedule: 30 23 * * *
    encryption: {}
    maintenance: {}
    monitoring: {}
    network: {}
    restore: {}
    scheduling: {}
    service:
      pgSettings: null
    size:
      cpu: 600m
      memory: 3500Mi
      requests:
        cpu: 300m
        memory: 1000Mi
    updateStrategy: {}
  resourceRef: {}
  writeConnectionSecretToRef:
    name: postgres-unset-creds
status: {}
