apiVersion: exoscale.appcat.vshn.io/v1
kind: ExoscaleMySQL
metadata:
  creationTimestamp: null
  name: mysql-parameters
spec:
  parameters:
    backup:
      timeOfDay: "24:00:00"
    maintenance:
      dayOfWeek: Monday
      timeOfDay: "24:00:00"
    network: {}
    service:
      majorVersion: "9999"
      mysqlSettings: null
      zone: ch-dk-2
    size:
      plan: 'hobbyist-2 '
  writeConnectionSecretToRef:
    name: mysql-parameters-creds
status: {}
