apiVersion: exoscale.appcat.vshn.io/v1
kind: ExoscaleMySQL
metadata:
  creationTimestamp: null
  name: mysql-unset
spec:
  parameters:
    backup:
      timeOfDay: "12:00:00"
    maintenance:
      timeOfDay: "00:00:00"
    network: {}
    service:
      mysqlSettings: null
    size: {}
  writeConnectionSecretToRef: {}
status: {}
