apiVersion: exoscale.appcat.vshn.io/v1
kind: exoscalekafka
metadata:
  creationTimestamp: null
  name: kafka-default
spec:
  parameters:
    maintenance:
      dayOfWeek: sunday
      timeOfDay: "00:00:00"
    network: {}
    service:
      kafkaSettings: null
      version: 3.4.0
      zone: ch-dk-2
    size:
      plan: 'startup-2 '
  writeConnectionSecretToRef:
    name: kafka-default-creds
status: {}
