apiVersion: exoscale.appcat.vshn.io/v1
kind: ExoscaleKafka
metadata:
  creationTimestamp: null
  name: kafka-jsonInput
spec:
  parameters:
    maintenance:
      dayOfWeek: Monday
      timeOfDay: "00:00:00"
    network: {}
    service:
      kafkaSettings: null
      zone: ch-fr-99
    size:
      plan: '{"Foo":"Bar"}'
  writeConnectionSecretToRef:
    name: kafka-jsonInput-creds
status: {}
