apiVersion: exoscale.appcat.vshn.io/v1
kind: ExoscaleKafka
metadata:
  creationTimestamp: null
  name: kafka-parameters
spec:
  parameters:
    maintenance:
      dayOfWeek: Monday
      timeOfDay: "24:00:00"
    network: {}
    service:
      kafkaSettings: null
      version: 3.4.0
      zone: ch-fr-1
    size:
      plan: enterprise-large
  writeConnectionSecretToRef:
    name: kafka-parameters-creds
status: {}
