apiVersion: exoscale.appcat.vshn.io/v1
kind: ExoscalePostgreSQL
metadata:
  creationTimestamp: null
  name: postgres-jsonInput
spec:
  parameters:
    backup:
      timeOfDay: "12:00:00"
    maintenance:
      dayOfWeek: monday
      timeOfDay: "00:00:00"
    network: {}
    service:
      pgSettings: null
      zone: ch-fr-99
    size:
      plan: '{"Foo":"Bar"}'
  writeConnectionSecretToRef: {}
status: {}
