apiVersion: exoscale.appcat.vshn.io/v1
kind: ExoscalePostgreSQL
metadata:
  creationTimestamp: null
  name: postgres-secret-ref
spec:
  parameters:
    backup:
      timeOfDay: "12:00:00"
    maintenance:
      dayOfWeek: sunday
      timeOfDay: "00:00:00"
    network: {}
    service:
      majorVersion: "15"
      pgSettings: null
      zone: ch-dk-2
    size:
      plan: hobbyist-2
  writeConnectionSecretToRef:
    name: new-cred
status: {}
