apiVersion: exoscale.appcat.vshn.io/v1
kind: ExoscalePostgreSQL
metadata:
  creationTimestamp: null
  generateName: my-postgres-example
  namespace: my-namespace
spec:
  parameters:
    backup:
      timeOfDay: "12:00:00"
    maintenance:
      timeOfDay: "24:00:00"
    network: {}
    service:
      pgSettings: null
    size: {}
  writeConnectionSecretToRef: {}
status: {}
