{
    "default": "opensearch-default --kind ExoscaleOpenSearch",
    "parameters": "opensearch-parameters --kind ExoscaleOpenSearch --spec.parameters.backup.timeOfDay=24:00:00 --spec.parameters.size.plan enterprise-large --spec.parameters.service.majorVersion 9999",
    "unset": "opensearch-unset --kind ExoscaleOpenSearch --spec.parameters.maintenance.dayOfWeek- --spec.parameters.service- --spec.parameters.size.plan-",
    "jsonInput": "opensearch-jsonInput --kind ExoscaleOpenSearch --spec.parameters.maintenance={\"DayOfWeek\":\"Monday\",\"TimeOfDay\":\"00:00:00\"} --spec.parameters.service {\"Zone\":\"ch-fr-99\"} --spec.parameters.size.plan {\"Foo\":\"Bar\"}"
}
