apiVersion: exoscale.appcat.vshn.io/v1
kind: ExoscaleRedis
metadata:
  creationTimestamp: null
  name: redis-default
spec:
  parameters:
    maintenance:
      dayOfWeek: Sunday
      timeOfDay: "24:00:00"
    network: {}
    service:
      redisSettings: null
      zone: ch-dk-2
    size: {}
  writeConnectionSecretToRef:
    name: redis-default-creds
status: {}
