apiVersion: exoscale.appcat.vshn.io/v1
kind: ExoscaleRedis
metadata:
  creationTimestamp: null
  name: redis-jsonInput
spec:
  parameters:
    maintenance:
      dayOfWeek: monday
      timeOfDay: "00:00:00"
    network: {}
    service:
      redisSettings: null
      zone: ch-fr-99
    size:
      plan: '{"Foo":"Bar"}'
  writeConnectionSecretToRef: {}
status: {}
