apiVersion: exoscale.appcat.vshn.io/v1
kind: exoscaleredis
metadata:
  creationTimestamp: null
  name: redis-parameters
spec:
  parameters:
    maintenance:
      dayOfWeek: sunday
      timeOfDay: "00:00:00"
    network: {}
    service:
      redisSettings: null
      zone: ch-fr-1
    size:
      plan: enterprise-large
  writeConnectionSecretToRef:
    name: redis-parameters-creds
status: {}
