apiVersion: exoscale.appcat.vshn.io/v1
kind: ExoscaleRedis
metadata:
  creationTimestamp: null
  name: redis-secret-ref
spec:
  parameters:
    maintenance:
      dayOfWeek: sunday
      timeOfDay: "00:00:00"
    network: {}
    service:
      redisSettings: null
      zone: ch-dk-2
    size: {}
  writeConnectionSecretToRef:
    name: new-cred
status: {}
