apiVersion: exoscale.appcat.vshn.io/v1
kind: ExoscaleRedis
metadata:
  creationTimestamp: null
  name: redis-unset
spec:
  parameters:
    maintenance:
      timeOfDay: "24:00:00"
    network: {}
    service:
      redisSettings: null
    size: {}
  writeConnectionSecretToRef:
    name: redis-unset-creds
status: {}
